a-brup-to
áp-te-ro
a-dop-ción
cáp-su-la
a-míg-da-la
zig-zag
as-tig-ma-tis-mo
ag-na-ción
af-ga-no
dif-te-ria
kaf-kia-no
dip-ne-o