sub-sa-nar
ta-xi
xe-nó-fo-bo
can-sa-do
pul-so
per-so-na
ad-sor-ción
mar-xis-ta