ár-bol
ar-der
car-go
ar-pa
ar-te
ar-ca
mor-fe-ma
a-ler-gia
cor-cho
a-gua-chir-le
ar-ma
ar-nés
ne-o-dar-wi-nis-mo
mar-xis-mo
al-ba
al-de-a
al-go
al-pa-ca
al-to
tal-co
al-fa
al-zar
al-ji-be
col-cha
al-re-de-dor
al-ma
al-na
an-dar
con-tar
ban-co
con-fe-sar
ba-lan-za
án-gel
con-cha
en-la-zar
hon-ra-do
in-ne-ga-ble