a-a-ró-ni-co
ca-pe-a
re-co-chi-né-a-te
bo-a
ba-ja-es
a-rrá-ez
le-e
re-go-dé-e-se
á-lo-e
bó-er
ta-bla-o
fe-o
ru-bé-o-la
mo-ho
ma-ní-a
rí-e
lí-o
pú-a
a-cen-tú-e
bú-ho