ca-biz-ba-jo
a-co-li-taz-go
choz-pa
sa-tis-faz-te
mez-qui-no
guz-la
az-re
lez-na
maj-zén
bom-ba
dum-dum
com-to
di-gam-mas
co-lum-na
maz-de-ís-mo
a-troz-men-te
pech-blen-da
cir-cum-po-lar
cir-cum-cir-ca