ob-vio
ab-di-car
sub-pre-fec-to
ob-te-ner
sub-fe-bril
ob-ce-ca-do
ab-yec-to
sub-gé-ne-ro
chib-cha
sub-ma-ri-no
ab-ne-gar
a-néc-do-ta
ac-to
bec-que-ria-no
ac-ción
pic-nic
sub-go-ber-na-dor
sub-cam-pe-ón
bric-bar-ba
pec-blen-da
mac-fer-lán