ad-qui-rir
pod-zol
ad-je-ti-vo
ad-lÃ¡-ta-res
ad-mi-nis-trar
ad-na-to
ad-vien-to
ad-den-da
ad-ya-cen-te