fút-bol
out-put
tut-ti
frut-ti
et-cé-te-ra
cat-chup
et-nia
al-go-rit-mo