a-pro-bar
á-cra-ta
hí-bri-do
o-gro
a-pla-car
re-cla-mar
bu-gle
e-flu-vio
a-fren-ta
a-blan-dar