ba-já
ca-da-vé-ri-co
sa-lí
sa-có
pa-lú-di-co
e-rrá-ti-co
de-jé
pe-lí-ca-no
e-só-fa-go
be-tún
li-máis
i-céis
i-só-go-no
ti-sú
a-ho-rráis
co-méis
po-dó-lo-go
o-bús
u-sáis
e-mu-lé
ru-bí
tu-rrón
zu-lú
mi-lí-me-tro
in-ve-ro-sí-mil