ba-la-án
ton-te-áis
lo-áis
a-é-re-o
to-re-é
po-é-ti-co
fa-ra-ó-ni-co
tor-pe-de-ó
lo-ó
a-hí-to
o-le-í-na
mo-hín
ba-úl
re-hú-so
mo-húr